// Jest Snapshot v1, https://goo.gl/fbAQLP

exports[`geographyFeatureFromGeojson converts point geometries to circular polygon geometries 1`] = `
Object {
  "features": Array [
    Object {
      "geometry": Object {
        "coordinates": Array [
          Array [
            Array [
              -122.3493,
              47.62077411283809,
            ],
            Array [
              -122.34933986109316,
              47.62077279290294,
            ],
            Array [
              -122.3493793382962,
              47.62076884580941,
            ],
            Array [
              -122.34941805141634,
              47.62076230957076,
            ],
            Array [
              -122.34945562761972,
              47.62075324713547,
            ],
            Array [
              -122.34949170502236,
              47.62074174578105,
            ],
            Array [
              -122.34952593617528,
              47.62072791627341,
            ],
            Array [
              -122.34955799141099,
              47.62071189180004,
            ],
            Array [
              -122.34958756201826,
              47.62069382668732,
            ],
            Array [
              -122.34961436321538,
              47.62067389491419,
            ],
            Array [
              -122.34963813689279,
              47.62065228843653,
            ],
            Array [
              -122.34965865409869,
              47.62062921533848,
            ],
            Array [
              -122.34967571724408,
              47.620604897828365,
            ],
            Array [
              -122.34968916200525,
              47.62057957009869,
            ],
            Array [
              -122.34969885890655,
              47.620553476070604,
            ],
            Array [
              -122.3497047145668,
              47.620526867044816,
            ],
            Array [
              -122.34970667259853,
              47.6204999992814,
            ],
            Array [
              -122.3497047141508,
              47.62047313153178,
            ],
            Array [
              -122.34969885809058,
              47.62044652254689,
            ],
            Array [
              -122.34968916082067,
              47.62042042858521,
            ],
            Array [
              -122.34967571573635,
              47.620395100944904,
            ],
            Array [
              -122.34965865232583,
              47.620370783543684,
            ],
            Array [
              -122.34963813492286,
              47.62034771056987,
            ],
            Array [
              -122.34961436112413,
              47.62032610422702,
            ],
            Array [
              -122.34958755988605,
              47.62030617259408,
            ],
            Array [
              -122.34955798931972,
              47.62028810762155,
            ],
            Array [
              -122.34952593420537,
              47.620272083282984,
            ],
            Array [
              -122.34949170324946,
              47.62025825389958,
            ],
            Array [
              -122.349455626112,
              47.620246752654054,
            ],
            Array [
              -122.3494180502317,
              47.62023769030814,
            ],
            Array [
              -122.34937933748022,
              47.62023115413589,
            ],
            Array [
              -122.34933986067719,
              47.620227207083246,
            ],
            Array [
              -122.3493,
              47.620225887161915,
            ],
            Array [
              -122.34926013932282,
              47.620227207083246,
            ],
            Array [
              -122.34922066251978,
              47.62023115413589,
            ],
            Array [
              -122.3491819497683,
              47.62023769030814,
            ],
            Array [
              -122.34914437388801,
              47.620246752654054,
            ],
            Array [
              -122.34910829675054,
              47.62025825389958,
            ],
            Array [
              -122.34907406579464,
              47.620272083282984,
            ],
            Array [
              -122.34904201068026,
              47.62028810762155,
            ],
            Array [
              -122.34901244011397,
              47.62030617259408,
            ],
            Array [
              -122.34898563887589,
              47.62032610422702,
            ],
            Array [
              -122.34896186507714,
              47.62034771056987,
            ],
            Array [
              -122.34894134767418,
              47.620370783543684,
            ],
            Array [
              -122.34892428426365,
              47.620395100944904,
            ],
            Array [
              -122.34891083917934,
              47.62042042858521,
            ],
            Array [
              -122.34890114190944,
              47.62044652254689,
            ],
            Array [
              -122.34889528584921,
              47.62047313153178,
            ],
            Array [
              -122.34889332740148,
              47.6204999992814,
            ],
            Array [
              -122.34889528543322,
              47.620526867044816,
            ],
            Array [
              -122.34890114109346,
              47.620553476070604,
            ],
            Array [
              -122.34891083799475,
              47.62057957009869,
            ],
            Array [
              -122.34892428275593,
              47.620604897828365,
            ],
            Array [
              -122.34894134590131,
              47.62062921533848,
            ],
            Array [
              -122.34896186310722,
              47.62065228843653,
            ],
            Array [
              -122.34898563678463,
              47.62067389491419,
            ],
            Array [
              -122.34901243798176,
              47.62069382668732,
            ],
            Array [
              -122.34904200858902,
              47.62071189180004,
            ],
            Array [
              -122.34907406382472,
              47.62072791627341,
            ],
            Array [
              -122.34910829497764,
              47.62074174578105,
            ],
            Array [
              -122.3491443723803,
              47.62075324713547,
            ],
            Array [
              -122.34918194858368,
              47.62076230957076,
            ],
            Array [
              -122.34922066170381,
              47.62076884580941,
            ],
            Array [
              -122.34926013890686,
              47.62077279290294,
            ],
            Array [
              -122.3493,
              47.62077411283809,
            ],
          ],
        ],
        "type": "Polygon",
      },
      "properties": Object {},
      "type": "Feature",
    },
  ],
  "type": "FeatureCollection",
}
`;
